RT,SERIALNO,DIVISION,PUMA,REGION,ST,ADJHSG,ADJINC,WGTP,NP,TYPE,ACCESS,ACR,AGS,BATH,BDSP,BLD,BUS,BROADBND,COMPOTHX,CONP,DIALUP,ELEFP,ELEP,FS,FULFP,FULP,GASFP,GASP,HFL,HISPEED,HOTWAT,INSP,LAPTOP,MHP,MRGI,MRGP,MRGT,MRGX,OTHSVCEX,REFR,RMSP,RNTM,RNTP,RWAT,RWATPR,SATELLITE,SINK,SMARTPHONE,SMP,STOV,TABLET,TEL,TEN,TOIL,VACS,VALP,VEH,WATFP,WATP,YBL,CPLT,FES,FINCP,FPARC,GRNTP,GRPIP,HHL,HHT,HHT2,HINCP,HUGCL,HUPAC,HUPAOC,HUPARC,KIT,LNGI,MULTG,MV,NOC,NPF,NPP,NR,NRC,OCPIP,PARTNER,PLM,PLMPRP,PSF,R18,R60,R65,RESMODE,SMOCP,SMX,SRNT,SVAL,TAXAMT,WIF,WKEXREL,WORKSTAT,FACCESSP,FACRP,FAGSP,FBATHP,FBDSP,FBLDP,FBROADBNDP,FCOMPOTHXP,FBUSP,FCONP,FDIALUPP,FELEP,FFINCP,FFSP,FFULP,FGASP,FGRNTP,FHFLP,FHINCP,FHISPEEDP,FHOTWATP,FINSP,FKITP,FLAPTOPP,FMHP,FMRGIP,FMRGP,FMRGTP,FMRGXP,FMVP,FOTHSVCEXP,FPLMP,FPLMPRP,FREFRP,FRMSP,FRNTMP,FRNTP,FRWATP,FRWATPRP,FSATELLITEP,FSINKP,FSMARTPHONP,FSMOCP,FSMP,FSMXHP,FSMXSP,FSTOVP,FTABLETP,FTAXP,FTELP,FTENP,FTOILP,FVACSP,FVALP,FVEHP,FWATP,FYBLP,WGTP1,WGTP2,WGTP3,WGTP4,WGTP5,WGTP6,WGTP7,WGTP8,WGTP9,WGTP10,WGTP11,WGTP12,WGTP13,WGTP14,WGTP15,WGTP16,WGTP17,WGTP18,WGTP19,WGTP20,WGTP21,WGTP22,WGTP23,WGTP24,WGTP25,WGTP26,WGTP27,WGTP28,WGTP29,WGTP30,WGTP31,WGTP32,WGTP33,WGTP34,WGTP35,WGTP36,WGTP37,WGTP38,WGTP39,WGTP40,WGTP41,WGTP42,WGTP43,WGTP44,WGTP45,WGTP46,WGTP47,WGTP48,WGTP49,WGTP50,WGTP51,WGTP52,WGTP53,WGTP54,WGTP55,WGTP56,WGTP57,WGTP58,WGTP59,WGTP60,WGTP61,WGTP62,WGTP63,WGTP64,WGTP65,WGTP66,WGTP67,WGTP68,WGTP69,WGTP70,WGTP71,WGTP72,WGTP73,WGTP74,WGTP75,WGTP76,WGTP77,WGTP78,WGTP79,WGTP80
H,2016000731183,5,00104,3,11,1065365,1073449,84,9,1,1,1,,1,5,02,9,1,2,,1,3,380,1,2,,4,290,1,1,9,,2,,,,,,2,1,9,2,1400,1,9,2,1,2,,1,2,1,3,9,,,0,3,3500,01,,7,20000,3,2362,101,1,3,06,20000,0,3,3,3,1,1,1,3,8,9,0,0,8,,0,1,9,0,1,0,0,2,,,1,0,,1,14,13,0,0,0,0,0,0,0,0,0,0,0,0,0,0,0,0,1,0,0,0,0,0,0,0,0,0,0,0,0,0,0,0,0,0,0,0,1,0,0,0,0,0,0,0,0,0,0,0,0,0,0,0,0,0,0,0,1,86,85,91,25,23,23,87,140,80,24,79,85,24,95,142,152,161,87,98,141,86,81,89,27,28,26,83,141,81,24,78,83,25,82,142,144,140,81,82,25,80,82,88,146,144,151,84,25,82,138,86,83,144,90,23,24,27,96,83,26,88,82,87,134,122,148,76,25,93,135,84,93,143,82,26,28,25,87,84,145
