RT,SERIALNO,DIVISION,PUMA,REGION,ST,ADJHSG,ADJINC,WGTP,NP,TYPE,ACCESS,ACR,AGS,BATH,BDSP,BLD,BUS,BROADBND,COMPOTHX,CONP,DIALUP,ELEFP,ELEP,FS,FULFP,FULP,GASFP,GASP,HFL,HISPEED,HOTWAT,INSP,LAPTOP,MHP,MRGI,MRGP,MRGT,MRGX,OTHSVCEX,REFR,RMSP,RNTM,RNTP,RWAT,RWATPR,SATELLITE,SINK,SMARTPHONE,SMP,STOV,TABLET,TEL,TEN,TOIL,VACS,VALP,VEH,WATFP,WATP,YBL,CPLT,FES,FINCP,FPARC,GRNTP,GRPIP,HHL,HHT,HHT2,HINCP,HUGCL,HUPAC,HUPAOC,HUPARC,KIT,LNGI,MULTG,MV,NOC,NPF,NPP,NR,NRC,OCPIP,PARTNER,PLM,PLMPRP,PSF,R18,R60,R65,RESMODE,SMOCP,SMX,SRNT,SVAL,TAXAMT,WIF,WKEXREL,WORKSTAT,FACCESSP,FACRP,FAGSP,FBATHP,FBDSP,FBLDP,FBROADBNDP,FCOMPOTHXP,FBUSP,FCONP,FDIALUPP,FELEP,FFINCP,FFSP,FFULP,FGASP,FGRNTP,FHFLP,FHINCP,FHISPEEDP,FHOTWATP,FINSP,FKITP,FLAPTOPP,FMHP,FMRGIP,FMRGP,FMRGTP,FMRGXP,FMVP,FOTHSVCEXP,FPLMP,FPLMPRP,FREFRP,FRMSP,FRNTMP,FRNTP,FRWATP,FRWATPRP,FSATELLITEP,FSINKP,FSMARTPHONP,FSMOCP,FSMP,FSMXHP,FSMXSP,FSTOVP,FTABLETP,FTAXP,FTELP,FTENP,FTOILP,FVACSP,FVALP,FVEHP,FWATP,FYBLP,WGTP1,WGTP2,WGTP3,WGTP4,WGTP5,WGTP6,WGTP7,WGTP8,WGTP9,WGTP10,WGTP11,WGTP12,WGTP13,WGTP14,WGTP15,WGTP16,WGTP17,WGTP18,WGTP19,WGTP20,WGTP21,WGTP22,WGTP23,WGTP24,WGTP25,WGTP26,WGTP27,WGTP28,WGTP29,WGTP30,WGTP31,WGTP32,WGTP33,WGTP34,WGTP35,WGTP36,WGTP37,WGTP38,WGTP39,WGTP40,WGTP41,WGTP42,WGTP43,WGTP44,WGTP45,WGTP46,WGTP47,WGTP48,WGTP49,WGTP50,WGTP51,WGTP52,WGTP53,WGTP54,WGTP55,WGTP56,WGTP57,WGTP58,WGTP59,WGTP60,WGTP61,WGTP62,WGTP63,WGTP64,WGTP65,WGTP66,WGTP67,WGTP68,WGTP69,WGTP70,WGTP71,WGTP72,WGTP73,WGTP74,WGTP75,WGTP76,WGTP77,WGTP78,WGTP79,WGTP80
H,2019HU0877654,4,00100,2,46,1000000,1010145,54,2,1,1,,,1,1,05,,1,2,,2,3,100,2,2,,3,,3,1,9,,1,,,,,,2,1,2,2,380,1,9,2,1,1,,1,2,1,3,9,,,5,2,,06,,,,,480,15,1,5,12,38000,0,4,4,4,1,1,1,3,0,,0,1,0,,0,1,9,0,0,0,0,3,,,1,0,,,,,0,0,0,0,0,0,0,0,0,0,0,0,0,0,0,0,0,0,0,0,0,0,0,0,0,0,0,0,0,0,0,0,0,0,0,0,0,0,0,0,0,0,0,0,0,0,0,0,0,0,0,0,0,0,0,0,0,74,70,18,22,17,48,48,46,53,53,94,93,79,50,15,60,69,55,58,78,15,38,62,82,79,71,64,52,58,66,16,15,16,58,84,71,24,58,60,23,87,72,28,22,14,47,55,47,43,38,67,100,83,48,17,48,63,60,72,77,17,58,68,62,105,62,44,56,63,73,17,14,19,66,107,53,23,55,42,20
